[1/70] TKT-1046 — Magnetic field resistance
[2/70] TKT-1010 — Servicing older model
[3/70] TKT-1068 — Price match
[4/70] TKT-1016 — Strap dye safety
[5/70] TKT-1035 — Rubber strap for swimming
[6/70] TKT-1002 — Express shipping option
[7/70] TKT-1006 — Water resistance re-testing after service
[8/70] TKT-1030 — Limited edition availability
[9/70] TKT-1021 — Luminous material safety
[10/70] TKT-1037 — Strap length for large wrist
[11/70] TKT-1011 — Interchangeable strap between models
[12/70] TKT-1005 — Customs duties - who pays?
[13/70] TKT-1007 — Discount code not working
[14/70] TKT-1047 — Engraving on watch caseback
[15/70] TKT-1033 — Multi-line engraving
[16/70] TKT-1065 — Altitude performance
[17/70] TKT-1009 — Where is my order?
[18/70] TKT-1001 — Servicing turnaround time
[19/70] TKT-1023 — Strap width for Expedition 40mm
[20/70] TKT-1051 — Strap for sensitive skin
[21/70] TKT-1049 — Engraving in Chinese characters
[22/70] TKT-1034 — Warranty period
[23/70] TKT-1060 — Titanium grade on the Expedition model
[24/70] TKT-1015 — Gift wrapping
[25/70] TKT-1022 — Engraving depth and visibility
[26/70] TKT-1052 — Resale value of titanium watches
[27/70] TKT-1058 — Engraving turnaround time
[28/70] TKT-1004 — Battery replacement cost
[29/70] TKT-1008 — Engraving on strap
[30/70] TKT-1044 — NATO strap compatibility
[31/70] TKT-1048 — Is the watch strap BPA-free?
[32/70] TKT-1062 — Regulation service
[33/70] TKT-1038 — Silicone strap material
[34/70] TKT-1029 — Wrong item received
[35/70] TKT-1066 — Is the watch safe for kids?
[36/70] TKT-1040 — Order not received - presumed lost
[37/70] TKT-1043 — Refund status
[38/70] TKT-1061 — Movement service vs battery
[39/70] TKT-1045 — Watch for extreme sports
[40/70] TKT-1063 — Engraving price per character
[41/70] TKT-1032 — Alloy composition of the strap
[42/70] TKT-1014 — Collaboration with independent watchmakers
[43/70] TKT-1064 — Strap colour options
[44/70] TKT-1041 — Can I engrave a logo or image?
[45/70] TKT-1053 — Leather strap care
[46/70] TKT-1057 — Change delivery address
[47/70] TKT-1054 — Servicing warranty
[48/70] TKT-1031 — Quick-release strap mechanism
[49/70] TKT-1026 — Full service - what's included?
[50/70] TKT-1020 — Engraving mistake - can it be corrected?
[51/70] TKT-1017 — Return policy
[52/70] TKT-1025 — Difference between Expedition and Journey
[53/70] TKT-1059 — Sending watch for service internationally
[54/70] TKT-1067 — EU safety certification
[55/70] TKT-1012 — Watch size recommendation
[56/70] TKT-1024 — Sustainability practices
[57/70] TKT-1039 — Titanium vs stainless steel case
[58/70] TKT-1003 — Hypoallergenic claim
[59/70] TKT-1050 — Scratches on case - can you polish?
[60/70] TKT-1070 — Engraving in Arabic script
[61/70] TKT-1028 — Strap recycling programme
[62/70] TKT-1036 — Vegan-friendly materials
[63/70] TKT-1019 — Wholesale or bulk order
[64/70] TKT-1018 — Mesh bracelet compatibility
[65/70] TKT-1042 — Water resistance and materials
[66/70] TKT-1056 — Tracking number not updating
[67/70] TKT-1069 — Font options for engraving
[68/70] TKT-1027 — Gifting - personalisation options
[69/70] TKT-1013 — Carbon footprint of shipping
[70/70] TKT-1055 — Cancel order before shipping

=== Summary ===
{
  "tickets_processed": 70,
  "elapsed_seconds": 523.1,
  "by_route": {
    "knowledge_gap": 11,
    "human_review": 41,
    "auto_reply": 18
  },
  "by_persona": {
    "niche_buyer": 9,
    "owner_aftercare": 11,
    "prospect": 16,
    "health_conscious": 9,
    "gifter": 11,
    "enthusiast": 6,
    "transactional": 8
  },
  "by_question_type": {
    "knowledge_gap": 8,
    "servicing": 10,
    "product_general": 13,
    "materials_safety": 11,
    "strap_compatibility": 8,
    "order_status": 8,
    "engraving": 12
  },
  "knowledge_gaps_detected": 11
}
